// Jest Snapshot v1, https://goo.gl/fbAQLP

exports[`Census Logo renders correctly 1`] = `
<div
  css={
    Object {
      "map": undefined,
      "name": "k6unfh",
      "next": undefined,
      "styles": "
        width: 100%;
        max-width: 800px;
      ",
    }
  }
>
  <div
    style={
      Object {
        "border": 0,
        "clip": "rect(0 0 0 0)",
        "height": "1px",
        "margin": "-1px",
        "overflow": "hidden",
        "padding": 0,
        "position": "absolute",
        "width": "1px",
      }
    }
  >
    <h1>
      Self Help Facility
    </h1>
  </div>
  <img
    alt="Main logo"
    css={
      Object {
        "map": undefined,
        "name": "1bnebze",
        "next": undefined,
        "styles": "
          height: 50px;
          padding: 0px 15px 20px 15px;
        ",
      }
    }
    data-test="ons-logo__header"
    src="/census_2021_logo_white.svg"
  />
</div>
`;
